result code = -1
standard error = {
tests/bugs/gh-463.slang(10): error 30015: undefined identifier 'COUNT'.
[instance(COUNT)]
          ^~~~~
}
standard output = {
}
